32.1644992810674                                                                                [23/3251]
30.313499322440475
32.39199927598238
30.93749930849299
30.604499315936117
30.786499311868102
31.288499300647526
31.62649929309264
30.557999316975476
32.237499279435724
30.69199931398034
31.079999305307865
31.465999296680092
31.595999293774366
31.40149929812178
31.749999290332198
31.517999295517804
31.520499295461924
32.224499279726295
30.9584993080236
32.3384992771782
32.27799927853048
32.008499284554276
30.52349931774661
31.673499292042106
31.953499285783618
31.329499299731104
31.102999304793777
31.4619992967695
30.785499311890455
31.031499306391925
31.447999297082426
31.49599929600954
31.713499291148036
32.32499927747995
30.860999310202896
30.451999319344758
31.363499298971146
31.410999297909438
30.835499310772867
31.313499300088733
31.572499294299632
30.83849931070581
30.681999314203857
31.71399929113686
31.285999300703406
31.365999298915266
31.00299930702895
31.065499305631967
31.397499298211187
31.149499303754418
31.95499928575009
32.06399928331375
31.17249930324033
31.692499291617423
31.435999297350644
31.320999299921095
30.96099930796772
32.30549927791581
31.690499291662128
31.31199930012226
31.542499294970185
32.2079992800951
32.164999281056225
32.1644992810674
30.945499308314176
31.773999289795757
31.05749930581078
31.62699929308146
31.207499302458018
31.89949928699061
31.921999286487697
31.402999298088254
31.441999297216533
30.51399931795895
30.994499307218938
31.929999286308885
31.772499289829284
30.76699931230396
31.179499303083865
31.46949929660186
30.753999312594534
31.35449929917231
31.35049929926172
32.052499283570796
30.53699931744486
32.129999281838536
30.882499309722334
31.71399929113686
30.928499308694153
30.527999317646028
31.661499292310328
31.590499293897302
31.100999304838478
31.784999289549887
31.242999301664533
31.400499298144133
30.819499311130492
31.23299930188805
32.59949927134439